TAP version 13
# Subtest: canonical vectors: lexical integer keys, -0 and domain separation
ok 1 - canonical vectors: lexical integer keys, -0 and domain separation
  ---
  duration_ms: 2.67625
  type: 'test'
  ...
# Subtest: canonical scalar strings, no normalization, escaping and integer boundaries
ok 2 - canonical scalar strings, no normalization, escaping and integer boundaries
  ---
  duration_ms: 2.48125
  type: 'test'
  ...
# Subtest: canonical rejects non-JSON, sparse/accessor properties and cycles without evaluating getters
ok 3 - canonical rejects non-JSON, sparse/accessor properties and cycles without evaluating getters
  ---
  duration_ms: 0.744063
  type: 'test'
  ...
# Subtest: strict parser rejects duplicate escaped/nested keys, malformed UTF8 and syntax
ok 4 - strict parser rejects duplicate escaped/nested keys, malformed UTF8 and syntax
  ---
  duration_ms: 1.516094
  type: 'test'
  ...
# Subtest: unsigned revisions are exact across Number precision boundary and overflow fails
ok 5 - unsigned revisions are exact across Number precision boundary and overflow fails
  ---
  duration_ms: 0.402917
  type: 'test'
  ...
# Subtest: tagged object identities and scalable capacity do not encode eight slots
ok 6 - tagged object identities and scalable capacity do not encode eight slots
  ---
  duration_ms: 1.128333
  type: 'test'
  ...
# Subtest: deterministic independent fixtures and CAS test adapter
ok 7 - deterministic independent fixtures and CAS test adapter
  ---
  duration_ms: 0.566615
  type: 'test'
  ...
# Subtest: failure envelope never leaks provider exception text
ok 8 - failure envelope never leaks provider exception text
  ---
  duration_ms: 0.306354
  type: 'test'
  ...
# Subtest: wire numbers cannot round fractional or underflowed input into an integer
ok 9 - wire numbers cannot round fractional or underflowed input into an integer
  ---
  duration_ms: 0.549948
  type: 'test'
  ...
# Subtest: unimplemented layers never pass an empty suite
ok 10 - unimplemented layers never pass an empty suite
  ---
  duration_ms: 1161.839323
  type: 'test'
  ...
# Subtest: closed CLI rejects unknown profile or option
ok 11 - closed CLI rejects unknown profile or option
  ---
  duration_ms: 285.030468
  type: 'test'
  ...
1..11
# tests 11
# suites 0
# pass 11
# fail 0
# cancelled 0
# skipped 0
# todo 0
# duration_ms 1686.249843
