test_advertisement_and_all_input_families (test_contract.ContractTest.test_advertisement_and_all_input_families) ... ok
test_document_surface_and_sequence (test_contract.ContractTest.test_document_surface_and_sequence) ... ok
test_native_default_and_optional_ssh_config (test_contract.ContractTest.test_native_default_and_optional_ssh_config) ... ok
test_bridge_keeps_annotations_and_authority_at_core (test_bridge.BridgeTest.test_bridge_keeps_annotations_and_authority_at_core) ... ok
test_bridge_no_retry_no_cancellation_or_remote_secret_forward (test_bridge.BridgeTest.test_bridge_no_retry_no_cancellation_or_remote_secret_forward) ... ok
test_auth_before_discovery_metadata_does_not_grant (test_http.HTTPTest.test_auth_before_discovery_metadata_does_not_grant) ... ok
test_caller_guidance_survives_http_and_bridge_discovery_without_new_wire_fields (test_http.HTTPTest.test_caller_guidance_survives_http_and_bridge_discovery_without_new_wire_fields) ... ok
test_local_project_creation_native_validation_publish_cleanup_over_http (test_http.HTTPTest.test_local_project_creation_native_validation_publish_cleanup_over_http) ... ok
test_modern_metadata_and_header_validation_before_effect (test_http.HTTPTest.test_modern_metadata_and_header_validation_before_effect) ... ok
test_native_full_coding_path_over_http_without_executor_config (test_http.HTTPTest.test_native_full_coding_path_over_http_without_executor_config) ... ok
test_oauth_well_known_is_optional_public_404 (test_http.HTTPTest.test_oauth_well_known_is_optional_public_404) ... ok
test_protocol_and_reconnect (test_http.HTTPTest.test_protocol_and_reconnect) ... ok
test_status_wait_uses_json_without_progress_and_sse_with_progress (test_http.HTTPTest.test_status_wait_uses_json_without_progress_and_sse_with_progress) ... ok
test_admission_and_status_wait_return_terminal_failure_and_bound_nonterminal_wait (test_progress.ProgressTest.test_admission_and_status_wait_return_terminal_failure_and_bound_nonterminal_wait) ... ok
test_frontier_pagination_and_scope (test_progress.ProgressTest.test_frontier_pagination_and_scope) ... ok
test_live_no_change_completion_and_fresh_resume (test_progress.ProgressTest.test_live_no_change_completion_and_fresh_resume) ... ok
test_process_admission_ignores_wait_ms (test_progress.ProgressTest.test_process_admission_ignores_wait_ms) ... ok
test_source_validation_admission_wait_returns_terminal_failure_without_replay (test_progress.ProgressTest.test_source_validation_admission_wait_returns_terminal_failure_without_replay) ... ok
test_aba_and_composition (test_recovery.RecoveryTest.test_aba_and_composition) ... ok
test_capture_error_with_partial_files_never_imports (test_recovery.RecoveryTest.test_capture_error_with_partial_files_never_imports) ... ok
test_forged_outer_identity_never_releases_writer (test_recovery.RecoveryTest.test_forged_outer_identity_never_releases_writer) ... ok
test_git_and_installed_cli_are_normal_commands (test_recovery.RecoveryTest.test_git_and_installed_cli_are_normal_commands) ... ok
test_lost_publish_response_readback_no_second_effect (test_recovery.RecoveryTest.test_lost_publish_response_readback_no_second_effect) ... ok
test_no_executor_config_uses_real_native_runner (test_recovery.RecoveryTest.test_no_executor_config_uses_real_native_runner) ... ok
test_nonforce_push_checks_advertised_old_even_after_admin_rewind (test_recovery.RecoveryTest.test_nonforce_push_checks_advertised_old_even_after_admin_rewind) ... ok
test_parallel_refs_have_no_shared_fetch_head (test_recovery.RecoveryTest.test_parallel_refs_have_no_shared_fetch_head) ... ok
test_remote_head_changes_after_validation (test_recovery.RecoveryTest.test_remote_head_changes_after_validation) ... ok
test_second_repo_and_principal (test_recovery.RecoveryTest.test_second_repo_and_principal) ... ok
test_slow_reconcile_does_not_block_unrelated_operation (test_recovery.RecoveryTest.test_slow_reconcile_does_not_block_unrelated_operation) ... ok
test_stdin_lost_ack_is_observed_without_redelivery (test_recovery.RecoveryTest.test_stdin_lost_ack_is_observed_without_redelivery) ... ok
test_stdin_sequence_replay_and_output_cursor (test_recovery.RecoveryTest.test_stdin_sequence_replay_and_output_cursor) ... ok
test_stopped_capture_failure_releases_only_its_writer (test_recovery.RecoveryTest.test_stopped_capture_failure_releases_only_its_writer) ... ok
test_terminal_creator_does_not_prevent_resource_retirement (test_recovery.RecoveryTest.test_terminal_creator_does_not_prevent_resource_retirement) ... ok
test_validation_git_head_is_the_exact_published_commit (test_recovery.RecoveryTest.test_validation_git_head_is_the_exact_published_commit) ... ok
test_changed_source_can_still_be_stopped_and_removed (test_deployments.DeploymentTest.test_changed_source_can_still_be_stopped_and_removed) ... ok
test_current_target_and_project_authority_precede_replay (test_deployments.DeploymentTest.test_current_target_and_project_authority_precede_replay) ... ok
test_extra_source_files_and_restart_policy_change_are_not_silent (test_deployments.DeploymentTest.test_extra_source_files_and_restart_policy_change_are_not_silent) ... ok
test_foreign_service_and_changed_owned_launcher_are_preserved (test_deployments.DeploymentTest.test_foreign_service_and_changed_owned_launcher_are_preserved) ... ok
test_http_readiness_requires_release_header_and_live_child (test_deployments.DeploymentTest.test_http_readiness_requires_release_header_and_live_child) ... ok
test_inspection_log_generation_and_no_change_freshness (test_deployments.DeploymentTest.test_inspection_log_generation_and_no_change_freshness) ... ok
test_interrupted_activation_restores_old_release_on_observation (test_deployments.DeploymentTest.test_interrupted_activation_restores_old_release_on_observation) ... ok
test_lost_success_receipt_does_not_restart_service (test_deployments.DeploymentTest.test_lost_success_receipt_does_not_restart_service) ... ok
test_pre_dispatch_crash_releases_only_that_deployment_writer (test_deployments.DeploymentTest.test_pre_dispatch_crash_releases_only_that_deployment_writer) ... ok
test_readiness_failure_restores_previous_and_does_not_claim_success (test_deployments.DeploymentTest.test_readiness_failure_restores_previous_and_does_not_claim_success) ... ok
test_recovery_failure_keeps_fence_until_original_operation_reconciles (test_deployments.DeploymentTest.test_recovery_failure_keeps_fence_until_original_operation_reconciles) ... ok
test_release_replay_and_revision_cas (test_deployments.DeploymentTest.test_release_replay_and_revision_cas) ... ok
test_source_tampering_is_rejected_before_reactivation (test_deployments.DeploymentTest.test_source_tampering_is_rejected_before_reactivation) ... ok
test_validation_policy_change_rejected_before_service_creation (test_deployments.DeploymentTest.test_validation_policy_change_rejected_before_service_creation) ... ok
test_validation_release_update_rollback_and_remove_preserve_data (test_deployments.DeploymentTest.test_validation_release_update_rollback_and_remove_preserve_data) ... ok

----------------------------------------------------------------------
Ran 49 tests in 143.126s

OK
